SQLite version 3.8.5 2014-08-15 22:37:57
Enter ".help" for usage hints.
sqlite> CREATE TABLE usuarios (
   ...>   id INTEGER PRIMARY KEY AUTOINCREMENT,
   ...>   nombre VARCHAR(64) NOT NULL,
   ...>   apellido  VARCHAR(64) NOT NULL,
   ...>   email VARCHAR(128) UNIQUE NOT NULL,
   ...>   fecha_nacimiento DATETIME NOT NULL,
   ...>   genero VARCHAR(10) NOT NULL
   ...> );
sqlite> INSERT INTO usuarios
   ...>  (nombre, apellido, email, fecha_nacimiento, genero)
   ...>  VALUES
   ...>  ('Carlos', 'Ribero', 'carlos@yahoo.com', '1970-11-03', 'masculino');
sqlite> INSERT INTO usuarios
   ...>  (nombre, apellido, email, fecha_nacimiento, genero)
   ...>  VALUES
   ...>  ('Jesus', 'Islas', 'jdaig@yahoo.com', '1994-04-03', 'masculino');
sqlite> ALTER TABLE usuarios ADD COLUMN apodos VARCHAR(64) NOT NULL;
Error: Cannot add a NOT NULL column with default value NULL
sqlite> ALTER TABLE usuarios ADD COLUMN apodos VARCHAR(64);
sqlite> .schema
CREATE TABLE usuarios (
  id INTEGER PRIMARY KEY AUTOINCREMENT,
  nombre VARCHAR(64) NOT NULL,
  apellido  VARCHAR(64) NOT NULL,
  email VARCHAR(128) UNIQUE NOT NULL,
  fecha_nacimiento DATETIME NOT NULL,
  genero VARCHAR(10) NOT NULL
, apodos VARCHAR(64));
sqlite> UPDATE usuarios
   ...> SET apodos = 'CHARLY'
   ...> WHERE nombre = 'Carlos';
sqlite> UPDATE usuarios
   ...> SET apodos = 'Chucho'
   ...> WHERE nombre = 'Carlos';
sqlite> UPDATE usuarios
   ...> SET apodos = 'Charly'
   ...> WHERE nombre = 'Carlos';
sqlite> UPDATE usuarios
   ...> SET apodos = 'Chucho'
   ...> WHERE nombre = 'Jesus';
sqlite> UPDATE usuarios
   ...> SET fecha_nacimiento = '1980-11-03'
   ...> SET apellido = 'Rivero'
   ...> WHERE nombre = 'Carlos';
Error: near "SET": syntax error
sqlite> UPDATE usuarios
   ...> SET fecha_nacimiento = '1980-11-03', apellido = 'Rivero'
   ...> WHERE nombre = 'Carlos';
sqlite> 
